// Jest Snapshot v1, https://goo.gl/fbAQLP

exports[`<App /> renders renders 1`] = `
<ForwardRef(WithStyles)
  className="app"
  fixed={true}
>
  <DataLoader
    api={[Function]}
  />
  <DataLoader
    api={[Function]}
  />
</ForwardRef(WithStyles)>
`;
